<html>
<body>
<pre>
<h1>µVision Build Log</h1>
<h2>Tool Versions:</h2>
IDE-Version: ¦ÌVision V5.35.0.0
Copyright (C) 2021 ARM Ltd and ARM Germany GmbH. All rights reserved.
License Information: 11 1, 1, LIC=21E4T-RG51M-PCWJ8-39C0T-HJECN-4Y6AV
 
Tool Versions:
Toolchain:       MDK-ARM Plus  Version: 5.35.0.2
Toolchain Path:  C:\Keil_v5\ARM\ARMCC\Bin
C Compiler:      Armcc.exe V5.06 update 7 (build 960)
Assembler:       Armasm.exe V5.06 update 7 (build 960)
Linker/Locator:  ArmLink.exe V5.06 update 7 (build 960)
Library Manager: ArmAr.exe V5.06 update 7 (build 960)
Hex Converter:   FromElf.exe V5.06 update 7 (build 960)
CPU DLL:         SARMCM3.DLL V5.35.0.2
Dialog DLL:      DCM.DLL V1.17.3.0
Target DLL:      CMSIS_AGDI.dll V1.33.0.0
Dialog DLL:      TCM.DLL V1.53.0.0
 
<h2>Project:</h2>
C:\Users\ËÄÔÂ\Desktop\24NMB-main\24NMB-main\24NMB-main\24NMB-main\OG\OG\gimbal 3.0\MDK-ARM\New_Legends_Project.uvprojx
Project File Date:  11/02/2024

<h2>Output:</h2>
*** Using Compiler 'V5.06 update 7 (build 960)', folder: 'C:\Keil_v5\ARM\ARMCC\Bin'
Rebuild target 'New_Legends_Project'
assembling startup_stm32f407xx.s...
compiling DMPower.c...
compiling CAN_receive.c...
compiling bsp_rc.c...
compiling main.c...
../Core/Src/main.c(104): warning:  #223-D: function "remote_control_init" declared implicitly
  		remote_control_init();
../Core/Src/main.c(105): warning:  #223-D: function "can_filter_init" declared implicitly
      can_filter_init();
../Core/Src/main.c(106): warning:  #223-D: function "can_receive_init" declared implicitly
      can_receive_init();
../Core/Src/main.c: 3 warnings, 0 errors
compiling stm32f4xx_it.c...
compiling remote_control.c...
compiling stm32f4xx_hal.c...
compiling stm32f4xx_hal_flash_ramfunc.c...
compiling can.c...
compiling communication.c...
compiling croutine.c...
compiling stm32f4xx_hal_gpio.c...
compiling stm32f4xx_hal_msp.c...
compiling list.c...
compiling tim.c...
compiling stm32f4xx_hal_dma.c...
compiling event_groups.c...
compiling stm32f4xx_hal_pwr.c...
compiling system_stm32f4xx.c...
compiling stm32f4xx_hal_dma_ex.c...
compiling gpio.c...
compiling freertos.c...
compiling stm32f4xx_hal_rcc_ex.c...
compiling stm32f4xx_hal_flash_ex.c...
compiling usart.c...
compiling stm32f4xx_hal_flash.c...
compiling stm32f4xx_hal_pwr_ex.c...
compiling bsp_can.c...
compiling dma.c...
compiling stm32f4xx_hal_exti.c...
compiling stm32f4xx_hal_cortex.c...
compiling stm32f4xx_hal_rcc.c...
compiling stream_buffer.c...
compiling foerarm.c...
..\APP\foerarm.c(782): warning:  #177-D: variable "send_mail_box"  was declared but never referenced
      uint32_t send_mail_box;
..\APP\foerarm.c(812): warning:  #177-D: variable "send_mail_box"  was declared but never referenced
      uint32_t send_mail_box;
..\APP\foerarm.c(1062): warning:  #1-D: last line of file ends without a newline
  // }
..\APP\foerarm.c: 3 warnings, 0 errors
compiling stm32f4xx_hal_can.c...
compiling stm32f4xx_hal_tim_ex.c...
compiling queue.c...
compiling stm32f4xx_hal_uart.c...
compiling timers.c...
compiling heap_4.c...
compiling stm32f4xx_hal_tim.c...
compiling port.c...
compiling tasks.c...
compiling cmsis_os.c...
linking...
Program Size: Code=20724 RO-data=528 RW-data=300 ZI-data=19604  
FromELF: creating hex file...
"New_Legends_Project\New_Legends_Project.axf" - 0 Error(s), 6 Warning(s).

<h2>Software Packages used:</h2>

Package Vendor: ARM
                http://www.keil.com/pack/ARM.CMSIS.5.8.0.pack
                ARM.CMSIS.5.8.0
                CMSIS (Common Microcontroller Software Interface Standard)
   * Component: CORE Version: 5.5.0

Package Vendor: Keil
                https://www.keil.com/pack/Keil.STM32F4xx_DFP.2.17.1.pack
                Keil.STM32F4xx_DFP.2.17.1
                STMicroelectronics STM32F4 Series Device Support, Drivers and Examples

<h2>Collection of Component include folders:</h2>
  .\RTE\_New_Legends_Project
  C:\keil\ARM\CMSIS\5.8.0\CMSIS\Core\Include
  C:\keil\Keil\STM32F4xx_DFP\2.17.1\Drivers\CMSIS\Device\ST\STM32F4xx\Include

<h2>Collection of Component Files used:</h2>

   * Component: ARM::CMSIS:CORE:5.5.0
Build Time Elapsed:  00:00:02
</pre>
</body>
</html>
